// Jest Snapshot v1, https://goo.gl/fbAQLP

exports[`<LoginForm /> should match the snapshot 1`] = `
<RNCSafeAreaProvider
  onInsetsChange={[Function]}
  style={
    Array [
      Object {
        "flex": 1,
      },
      undefined,
    ]
  }
>
  <View
    dataSet={Object {}}
    onLayout={[Function]}
    style={
      Object {
        "marginLeft": "auto",
        "marginRight": "auto",
        "maxWidth": 384,
        "paddingBottom": 40,
        "paddingLeft": 32,
        "paddingRight": 32,
        "paddingTop": 40,
        "width": "100%",
      }
    }
  >
    <View
      dataSet={Object {}}
      style={Object {}}
    >
      <View
        dataSet={Object {}}
        isInvalid={false}
        style={
          Object {
            "width": "100%",
          }
        }
      >
        <View
          dataSet={Object {}}
          feedbackId="field-react-aria-1-feedback"
          hasFeedbackText={false}
          hasHelpText={false}
          helpTextId="field-react-aria-1-helptext"
          isDisabled={false}
          isInvalid={false}
          isReadOnly={false}
          isRequired={false}
          labelId="field-react-aria-1-label"
          nativeID="field-react-aria-1-label"
          setHasFeedbackText={[Function]}
          setHasHelpText={[Function]}
          style={
            Object {
              "flexDirection": "row",
              "justifyContent": "flex-start",
              "marginBottom": 4,
              "marginTop": 4,
            }
          }
        >
          <Text
            dataSet={Object {}}
            style={
              Object {
                "backgroundColor": undefined,
                "color": "#737373",
                "fontFamily": undefined,
                "fontSize": 14,
                "fontStyle": "normal",
                "fontWeight": "500",
                "letterSpacing": 0,
                "lineHeight": 21,
                "textDecorationLine": undefined,
              }
            }
          >
            Correo electrónico
          </Text>
        </View>
        <View
          dataSet={Object {}}
          isFocused={false}
          style={
            Object {
              "alignItems": "center",
              "borderColor": "#d4d4d4",
              "borderRadius": 4,
              "borderWidth": 1,
              "flexDirection": "row",
              "overflow": "hidden",
            }
          }
        >
          <TextInput
            accessible={true}
            allowFontScaling={true}
            dataSet={Object {}}
            disabled={false}
            editable={true}
            isRequired={false}
            nativeID="field-react-aria-1"
            onBlur={[Function]}
            onChangeText={[Function]}
            onFocus={[Function]}
            onKeyPress={[Function]}
            placeholder="Ingrese su correo..."
            placeholderTextColor="#a3a3a3"
            readOnly={false}
            rejectResponderTermination={true}
            required={false}
            secureTextEntry={false}
            selectionColor="#1f2937"
            style={
              Object {
                "backgroundColor": "transparent",
                "color": "#171717",
                "flex": 1,
                "fontFamily": undefined,
                "fontSize": 12,
                "fontStyle": "normal",
                "fontWeight": "400",
                "paddingBottom": 8,
                "paddingLeft": 12,
                "paddingRight": 12,
                "paddingTop": 8,
                "width": "100%",
              }
            }
            underlineColorAndroid="transparent"
            value=""
          />
        </View>
      </View>
      <View
        dataSet={Object {}}
        style={
          Object {
            "height": 12,
          }
        }
      />
      <View
        dataSet={Object {}}
        isInvalid={false}
        style={
          Object {
            "width": "100%",
          }
        }
      >
        <View
          dataSet={Object {}}
          feedbackId="field-react-aria-2-feedback"
          hasFeedbackText={false}
          hasHelpText={false}
          helpTextId="field-react-aria-2-helptext"
          isDisabled={false}
          isInvalid={false}
          isReadOnly={false}
          isRequired={false}
          labelId="field-react-aria-2-label"
          nativeID="field-react-aria-2-label"
          setHasFeedbackText={[Function]}
          setHasHelpText={[Function]}
          style={
            Object {
              "flexDirection": "row",
              "justifyContent": "flex-start",
              "marginBottom": 4,
              "marginTop": 4,
            }
          }
        >
          <Text
            dataSet={Object {}}
            style={
              Object {
                "backgroundColor": undefined,
                "color": "#737373",
                "fontFamily": undefined,
                "fontSize": 14,
                "fontStyle": "normal",
                "fontWeight": "500",
                "letterSpacing": 0,
                "lineHeight": 21,
                "textDecorationLine": undefined,
              }
            }
          >
            Contraseña
          </Text>
        </View>
        <View
          dataSet={Object {}}
          isFocused={false}
          style={
            Object {
              "alignItems": "center",
              "borderColor": "#d4d4d4",
              "borderRadius": 4,
              "borderWidth": 1,
              "flexDirection": "row",
              "overflow": "hidden",
            }
          }
        >
          <TextInput
            accessible={true}
            allowFontScaling={true}
            dataSet={Object {}}
            disabled={false}
            editable={true}
            isRequired={false}
            nativeID="field-react-aria-2"
            onBlur={[Function]}
            onChangeText={[Function]}
            onFocus={[Function]}
            onKeyPress={[Function]}
            placeholder="*************"
            placeholderTextColor="#a3a3a3"
            readOnly={false}
            rejectResponderTermination={true}
            required={false}
            secureTextEntry={true}
            selectionColor="#1f2937"
            style={
              Object {
                "backgroundColor": "transparent",
                "color": "#171717",
                "flex": 1,
                "fontFamily": undefined,
                "fontSize": 12,
                "fontStyle": "normal",
                "fontWeight": "400",
                "paddingBottom": 8,
                "paddingLeft": 12,
                "paddingRight": 12,
                "paddingTop": 8,
                "width": "100%",
              }
            }
            underlineColorAndroid="transparent"
            value=""
          />
        </View>
      </View>
      <View
        dataSet={Object {}}
        style={
          Object {
            "height": 12,
          }
        }
      />
      <View
        accessibilityRole="button"
        accessible={true}
        collapsable={false}
        colorScheme="primary"
        dataSet={Object {}}
        focusable={true}
        onBlur={[Function]}
        onClick={[Function]}
        onFocus={[Function]}
        onHoverIn={[Function]}
        onHoverOut={[Function]}
        onResponderGrant={[Function]}
        onResponderMove={[Function]}
        onResponderRelease={[Function]}
        onResponderTerminate={[Function]}
        onResponderTerminationRequest={[Function]}
        onStartShouldSetResponder={[Function]}
        style={
          Object {
            "alignItems": "center",
            "backgroundColor": "#0891b2",
            "borderRadius": 4,
            "flexDirection": "row",
            "justifyContent": "center",
            "marginTop": 8,
            "paddingBottom": 8,
            "paddingLeft": 12,
            "paddingRight": 12,
            "paddingTop": 8,
          }
        }
      >
        <View
          dataSet={Object {}}
          style={
            Object {
              "alignItems": "center",
              "flexDirection": "row",
            }
          }
          test={true}
        >
          <View
            dataSet={Object {}}
            style={Object {}}
          >
            <Text
              dataSet={Object {}}
              style={
                Object {
                  "backgroundColor": undefined,
                  "color": "#fafafa",
                  "fontFamily": undefined,
                  "fontSize": 14,
                  "fontStyle": "normal",
                  "fontWeight": "400",
                  "letterSpacing": 0,
                  "lineHeight": 21,
                  "textDecorationLine": undefined,
                }
              }
            >
              Iniciar Sesión
            </Text>
          </View>
        </View>
      </View>
    </View>
  </View>
</RNCSafeAreaProvider>
`;
