// Jest Snapshot v1, https://goo.gl/fbAQLP

exports[`<MainLogo /> should match the snapshot 1`] = `
<RNCSafeAreaProvider
  onInsetsChange={[Function]}
  style={
    Array [
      Object {
        "flex": 1,
      },
      undefined,
    ]
  }
>
  <View
    dataSet={Object {}}
    style={
      Object {
        "alignItems": "center",
        "display": "flex",
        "justifyContent": "center",
        "paddingBottom": 16,
        "paddingLeft": 16,
        "paddingRight": 16,
        "paddingTop": 16,
      }
    }
  >
    <Image
      accessibilityLabel="Hololingo logo"
      alt="Hololingo logo"
      dataSet={Object {}}
      onError={[Function]}
      source={1}
      style={
        Object {
          "height": 192,
          "marginBottom": 8,
          "maxWidth": "100%",
          "width": 192,
        }
      }
    />
    <Text
      dataSet={Object {}}
      style={
        Object {
          "backgroundColor": undefined,
          "color": "#171717",
          "fontFamily": undefined,
          "fontSize": 36,
          "fontStyle": "normal",
          "fontWeight": "700",
          "letterSpacing": 0,
          "lineHeight": 54,
          "textDecorationLine": undefined,
        }
      }
    >
      Hololingo
    </Text>
  </View>
</RNCSafeAreaProvider>
`;
